kotlin version: 2.1.0
error message: java.lang.OutOfMemoryError: Java heap space
	at java.base/java.util.Arrays.copyOf(Arrays.java:3541)
	at java.base/java.io.ByteArrayOutputStream.ensureCapacity(ByteArrayOutputStream.java:100)
	at java.base/java.io.ByteArrayOutputStream.write(ByteArrayOutputStream.java:112)
	at org.jetbrains.kotlin.wasm.ir.convertors.ByteWriter$OutputStream.writeByte(WasmIrToBinary.kt:735)
	at org.jetbrains.kotlin.wasm.ir.convertors.ByteWriter.writeUnsignedLeb128-WZ4Q5Ns(WasmIrToBinary.kt:701)
	at org.jetbrains.kotlin.wasm.ir.convertors.ByteWriter.writeVarUInt32-WZ4Q5Ns(WasmIrToBinary.kt:691)
	at org.jetbrains.kotlin.wasm.ir.convertors.WasmIrToBinary.writeVarUInt32(WasmIrToBinary.kt:625)
	at org.jetbrains.kotlin.wasm.ir.convertors.WasmIrToBinary.withVarUInt32PayloadSizePrepended(WasmIrToBinary.kt:340)
	at org.jetbrains.kotlin.wasm.ir.convertors.WasmIrToBinary.appendCode(WasmIrToBinary.kt:564)
	at org.jetbrains.kotlin.wasm.ir.convertors.WasmIrToBinary.appendWasmModule$lambda$28$lambda$24(WasmIrToBinary.kt:177)
	at org.jetbrains.kotlin.wasm.ir.convertors.WasmIrToBinary$$Lambda/0x000001d5440b8000.invoke(Unknown Source)
	at org.jetbrains.kotlin.wasm.ir.convertors.WasmIrToBinary.appendSection_Sr9dMcE$lambda$45(WasmIrToBinary.kt:327)
	at org.jetbrains.kotlin.wasm.ir.convertors.WasmIrToBinary$$Lambda/0x000001d5445fc000.invoke(Unknown Source)
	at org.jetbrains.kotlin.wasm.ir.convertors.WasmIrToBinary.withVarUInt32PayloadSizePrepended(WasmIrToBinary.kt:338)
	at org.jetbrains.kotlin.wasm.ir.convertors.WasmIrToBinary.appendSection-Sr9dMcE(WasmIrToBinary.kt:327)
	at org.jetbrains.kotlin.wasm.ir.convertors.WasmIrToBinary.appendWasmModule(WasmIrToBinary.kt:175)
	at org.jetbrains.kotlin.backend.wasm.WasmCompilerKt.compileWasm-quGr1d0(wasmCompiler.kt:191)
	at org.jetbrains.kotlin.cli.js.K2JSCompiler.doExecute(K2JSCompiler.kt:490)
	at org.jetbrains.kotlin.cli.js.K2JSCompiler.doExecute(K2JSCompiler.kt:105)
	at org.jetbrains.kotlin.cli.common.CLICompiler.execImpl(CLICompiler.kt:102)
	at org.jetbrains.kotlin.cli.common.CLICompiler.exec(CLICompiler.kt:316)
	at org.jetbrains.kotlin.daemon.CompileServiceImpl.compile(CompileServiceImpl.kt:1554)
	at java.base/java.lang.invoke.LambdaForm$DMH/0x000001d5440a4400.invokeInterface(LambdaForm$DMH)
	at java.base/java.lang.invoke.LambdaForm$MH/0x000001d5440a8800.invoke(LambdaForm$MH)
	at java.base/java.lang.invoke.Invokers$Holder.invokeExact_MT(Invokers$Holder)
	at java.base/jdk.internal.reflect.DirectMethodHandleAccessor.invokeImpl(DirectMethodHandleAccessor.java:157)
	at java.base/jdk.internal.reflect.DirectMethodHandleAccessor.invoke(DirectMethodHandleAccessor.java:103)
	at java.base/java.lang.reflect.Method.invoke(Method.java:580)
	at java.rmi/sun.rmi.server.UnicastServerRef.dispatch(UnicastServerRef.java:360)
	at java.rmi/sun.rmi.transport.Transport$1.run(Transport.java:200)
	at java.rmi/sun.rmi.transport.Transport$1.run(Transport.java:197)
	at java.base/java.security.AccessController.executePrivileged(AccessController.java:809)


